------------------------------------------------------------------------------------------------
      name:  build
       log:  /Users/isaacstern/Desktop/CL_Project/Working_CL/Craigslist_Replication_Package/outp
> ut/logs/01_build_panel.log
  log type:  text
 opened on:   1 Aug 2026, 14:20:33

. 
. ********************************************************************************
. * 1. County-level Craigslist entry timing
. ********************************************************************************
. 
. use "$SOURCE/craigslist/CL_entry.dta", clear

. 
. isid fips

. rename entry_ym CL_entry_ym_

. rename entry_ym_broad CL_entry_ym_broad

. 
. format CL_entry_ym_ %tm

. format CL_entry_ym_broad %tm

. 
. gen int CL_entry_year_ = yofd(dofm(CL_entry_ym_)) if !missing(CL_entry_ym_)
(344 missing values generated)

. gen int CL_entry_year_broad = yofd(dofm(CL_entry_ym_broad)) if !missing(CL_entry_ym_broad)
(14 missing values generated)

. 
. label variable CL_entry_year_ "Official Craigslist entry year"

. label variable CL_entry_year_broad "Broad Craigslist availability year"

. 
. tempfile craigslist_county

. save `craigslist_county'
file /var/folders/y6/1132_sw9467159cnxrdm1jfr0000gn/T//S_57266.000001 saved as .dta format

. 
. ********************************************************************************
. * 2. ZIP-to-county crosswalk and ZIP-level treatment timing
. ********************************************************************************
. 
. import delimited "$SOURCE/crosswalks/ZIP_to_FIPS.csv", ///
>     clear varnames(1) stringcols(_all)
(encoding automatically selected: ISO-8859-1)
(9 vars, 57,608 obs)

. rename *, lower
  (all newnames==oldnames)

. 
. drop if zip == "0" | fips == "0"
(782 observations deleted)

. drop if missing(zip_string_leading_zero) | missing(fips)
(44 observations deleted)

. 
. gen str5 zipcode = strtrim(zip_string_leading_zero)

. replace zipcode = "00000" + zipcode if length(zipcode) < 5
(0 real changes made)

. replace zipcode = substr(zipcode, length(zipcode) - 4, 5) if length(zipcode) > 5
(0 real changes made)

. destring fips, replace force
fips: all characters numeric; replaced as long

. drop if missing(fips)
(0 observations deleted)

. 
. keep zipcode fips state cnty_name

. duplicates drop zipcode fips, force

Duplicates in terms of zipcode fips

(5 observations deleted)

. sort zipcode fips

. 
. * Retain one deterministic county for untreated ZIPs and geographic controls.
. preserve

.     by zipcode: keep if _n == 1
(14,577 observations deleted)

.     rename fips fips_zip_crosswalk

.     rename state zip_state

.     rename cnty_name zip_county_name

.     tempfile zip_county_one

.     save `zip_county_one'
file /var/folders/y6/1132_sw9467159cnxrdm1jfr0000gn/T//S_57266.000003 saved as .dta format

. restore

. 
. merge m:1 fips using `craigslist_county'

    Result                      Number of obs
    -----------------------------------------
    Not matched                        21,680
        from master                    21,679  (_merge==1)
        from using                          1  (_merge==2)

    Matched                            35,098  (_merge==3)
    -----------------------------------------

. quietly count if _merge == 2

. assert r(N) == 1

. display as text "Dropping one Craigslist county (FIPS 46113) absent from the ZIP crosswalk."
Dropping one Craigslist county (FIPS 46113) absent from the ZIP crosswalk.

. drop if _merge == 2
(1 observation deleted)

. assert inlist(_merge, 1, 3)

. drop _merge

. 
. * For multi-county ZIPs, treatment begins at the earliest mapped county entry.
. preserve

.     keep zipcode fips CL_entry_ym_ CL_entry_year_ url

.     drop if missing(CL_entry_ym_)
(28,431 observations deleted)

.     sort zipcode CL_entry_ym_ fips

.     by zipcode: keep if _n == 1
(3,414 observations deleted)

.     rename fips fips_narrow

.     rename url url_narrow_source

.     tempfile zip_treatment_narrow

.     save `zip_treatment_narrow'
file /var/folders/y6/1132_sw9467159cnxrdm1jfr0000gn/T//S_57266.000005 saved as .dta format

. restore

. 
. preserve

.     keep zipcode fips CL_entry_ym_broad CL_entry_year_broad url_broad

.     drop if missing(CL_entry_ym_broad)
(21,836 observations deleted)

.     sort zipcode CL_entry_ym_broad fips

.     by zipcode: keep if _n == 1
(4,939 observations deleted)

.     rename fips fips_broad

.     rename url_broad url_broad_source

.     tempfile zip_treatment_broad

.     save `zip_treatment_broad'
file /var/folders/y6/1132_sw9467159cnxrdm1jfr0000gn/T//S_57266.000007 saved as .dta format

. restore

. 
. use `zip_county_one', clear

. merge 1:1 zipcode using `zip_treatment_narrow', nogen

    Result                      Number of obs
    -----------------------------------------
    Not matched                        17,268
        from master                    17,268  
        from using                          0  

    Matched                            24,932  
    -----------------------------------------

. merge 1:1 zipcode using `zip_treatment_broad', nogen

    Result                      Number of obs
    -----------------------------------------
    Not matched                        12,198
        from master                    12,198  
        from using                          0  

    Matched                            30,002  
    -----------------------------------------

. 
. gen long fips = fips_narrow
(17,268 missing values generated)

. replace fips = fips_broad if missing(fips)
(5,070 real changes made)

. replace fips = fips_zip_crosswalk if missing(fips)
(12,198 real changes made)

. 
. isid zipcode

. tempfile zip_treatment

. save `zip_treatment'
file /var/folders/y6/1132_sw9467159cnxrdm1jfr0000gn/T//S_57266.000008 saved as .dta format

. 
. ********************************************************************************
. * 3. Census 2000 ZCTA population, area, and density
. ********************************************************************************
. 
. infix ///
>     str2   zcta_state              1-2   ///
>     str64  zcta_name               3-66  ///
>     long   zcta_pop2000            67-75 ///
>     long   zcta_housing2000        76-84 ///
>     double zcta_land_sqm_2000      85-98 ///
>     double zcta_water_sqm_2000     99-112 ///
>     double zcta_land_sqmi_2000     113-124 ///
>     double zcta_water_sqmi_2000    125-136 ///
>     double zcta_lat_2000           137-146 ///
>     double zcta_lon_2000           147-157 ///
>     using "$SOURCE/census/zcta5.txt", clear
(33,233 observations read)

. 
. gen str5 zipcode = substr(strtrim(zcta_name), 1, 5)

. drop if missing(zipcode)
(0 observations deleted)

. 
. gen double zcta_pop_density_2000 = zcta_pop2000 / zcta_land_sqmi_2000 ///
>     if zcta_land_sqmi_2000 > 0 & !missing(zcta_pop2000)
(780 missing values generated)

. 
. label variable zcta_pop2000 "Census 2000 ZCTA population"

. label variable zcta_land_sqmi_2000 "Census 2000 ZCTA land area, square miles"

. label variable zcta_pop_density_2000 "Census 2000 ZCTA residents per square mile"

. 
. duplicates drop zipcode, force

Duplicates in terms of zipcode

(55 observations deleted)

. isid zipcode

. tempfile zcta_geography

. save `zcta_geography'
file /var/folders/y6/1132_sw9467159cnxrdm1jfr0000gn/T//S_57266.000009 saved as .dta format

. 
. ********************************************************************************
. * 4. NBER county-to-CBSA crosswalk
. ********************************************************************************
. 
. import delimited "$SOURCE/crosswalks/cbsa2fipsxw_2020.csv", ///
>     clear varnames(1) stringcols(_all)
(encoding automatically selected: ISO-8859-1)
(15 vars, 3,235 obs)

. rename *, lower
  (all newnames==oldnames)

. 
. replace fipsstatecode = "0" + strtrim(fipsstatecode) if length(strtrim(fipsstatecode)) == 1
(0 real changes made)

. replace fipscountycode = "0" + strtrim(fipscountycode) if length(strtrim(fipscountycode)) == 2
(0 real changes made)

. replace fipscountycode = "00" + strtrim(fipscountycode) if length(strtrim(fipscountycode)) == 
> 1
(0 real changes made)

. 
. gen long fips = real(fipsstatecode + fipscountycode)
(1,319 missing values generated)

. gen long CBSA = real(cbsacode)
(1,319 missing values generated)

. drop if missing(fips) | missing(CBSA)
(1,319 observations deleted)

. 
. sort fips CBSA

. by fips: keep if _n == 1
(0 observations deleted)

. keep fips CBSA cbsatitle metropolitanmicropolitanstatis

. isid fips

. 
. tempfile county_cbsa

. save `county_cbsa'
file /var/folders/y6/1132_sw9467159cnxrdm1jfr0000gn/T//S_57266.00000a saved as .dta format

. 
. ********************************************************************************
. * 5. Assemble the SCP ZIP-year panel
. ********************************************************************************
. 
. use "$SOURCE/scp/Entrepreneurship_by_ZIP_Code_academic.dta", clear

. 
. capture confirm numeric variable zipcode

. if !_rc tostring zipcode, replace format(%05.0f)

. replace zipcode = strtrim(zipcode)
(0 real changes made)

. replace zipcode = "00000" + zipcode if length(zipcode) < 5
(0 real changes made)

. replace zipcode = substr(zipcode, length(zipcode) - 4, 5) if length(zipcode) > 5
(0 real changes made)

. 
. * The source contains 60 surplus rows that are exact duplicates.
. duplicates drop zipcode year, force

Duplicates in terms of zipcode year

(60 observations deleted)

. isid zipcode year

. 
. merge m:1 zipcode using `zip_treatment'

    Result                      Number of obs
    -----------------------------------------
    Not matched                         3,936
        from master                         0  (_merge==1)
        from using                      3,936  (_merge==2)

    Matched                           824,710  (_merge==3)
    -----------------------------------------

. quietly count if _merge == 2

. assert r(N) == 3936

. display as text "Dropping 3,936 crosswalk ZIPs absent from the SCP panel."
Dropping 3,936 crosswalk ZIPs absent from the SCP panel.

. drop if _merge == 2
(3,936 observations deleted)

. assert inlist(_merge, 1, 3)

. rename _merge merge_treatment

. 
. merge m:1 zipcode using `zcta_geography'

    Result                      Number of obs
    -----------------------------------------
    Not matched                       119,165
        from master                   117,251  (_merge==1)
        from using                      1,914  (_merge==2)

    Matched                           707,459  (_merge==3)
    -----------------------------------------

. drop if _merge == 2
(1,914 observations deleted)

. rename _merge merge_zcta

. 
. * This key reproduces the CBSA assignment in the analysis used by the paper.
. merge m:1 fips using `county_cbsa'

    Result                      Number of obs
    -----------------------------------------
    Not matched                       143,772
        from master                   143,654  (_merge==1)
        from using                        118  (_merge==2)

    Matched                           681,056  (_merge==3)
    -----------------------------------------

. drop if _merge == 2
(118 observations deleted)

. rename _merge merge_cbsa

. 
. sort zipcode year

. isid zipcode year

. 
. assert _N == 824710

. quietly summarize year

. assert r(min) == 1988

. assert r(max) == 2016

. 
. egen byte tag_zip = tag(zipcode)

. quietly count if tag_zip

. assert r(N) == 38264

. quietly count if tag_zip & !missing(CL_entry_year_)

. assert r(N) == 22601

. quietly count if tag_zip & missing(CL_entry_year_)

. assert r(N) == 15663

. quietly count if tag_zip & !missing(zcta_pop_density_2000)

. assert r(N) == 31264

. drop tag_zip

. 
. quietly count if !missing(CL_entry_year_)

. assert r(N) == 506939

. quietly count if !missing(zcta_pop_density_2000)

. assert r(N) == 707459

. 
. compress
  variable CL_entry_ym_ was float now int
  variable CL_entry_ym_broad was float now int
  variable zip_state was str6 now str2
  variable zip_county_name was str39 now str33
  variable zcta_name was str64 now str25
  (43,709,630 bytes saved)

. save "$DERIVED/zip_year_panel.dta", replace
file
    /Users/isaacstern/Desktop/CL_Project/Working_CL/Craigslist_Replication_Package/data/derive
    > d/zip_year_panel.dta saved

. 
. log close build
      name:  build
       log:  /Users/isaacstern/Desktop/CL_Project/Working_CL/Craigslist_Replication_Package/outp
> ut/logs/01_build_panel.log
  log type:  text
 closed on:   1 Aug 2026, 14:20:40
------------------------------------------------------------------------------------------------
