------------------------------------------------------------------------------------------------
      name:  appendixresults
       log:  /Users/isaacstern/Desktop/CL_Project/Working_CL/Craigslist_Replication_Package/outp
> ut/logs/03_appendix_results.log
  log type:  text
 opened on:   1 Aug 2026, 13:23:15

. 
. use "$DERIVED/analysis_panel.dta", clear

. local graph_size xsize(7.2) ysize(4.8)

. 
. ********************************************************************************
. * Appendix Table A1. Summary statistics
. ********************************************************************************
. 
. tempfile summary_table

. postfile summaryout str50 variable str18 level double observations mean sd p25 p50 p75 ///
>     using `summary_table', replace
(file /var/folders/y6/1132_sw9467159cnxrdm1jfr0000gn/T//S_57266.000001 not found)

. 
. quietly summarize SFR, detail

. post summaryout ("Startup formation rate (SFR)") ("ZIP-year") ///
>     (r(N)) (r(mean)) (r(sd)) (r(p25)) (r(p50)) (r(p75))

. 
. quietly summarize did, detail

. post summaryout ("Post-Craigslist indicator") ("ZIP-year") ///
>     (r(N)) (r(mean)) (r(sd)) (r(p25)) (r(p50)) (r(p75))

. 
. quietly summarize CL_yes, detail

. post summaryout ("Ever Craigslist indicator") ("ZIP-year") ///
>     (r(N)) (r(mean)) (r(sd)) (r(p25)) (r(p50)) (r(p75))

. 
. preserve

.     keep zipcode zcta_pop2000 zcta_pop_density_2000 CL_entry_year_

.     duplicates drop zipcode, force

Duplicates in terms of zipcode

(786,446 observations deleted)

. 
.     quietly summarize zcta_pop2000, detail

.     post summaryout ("ZCTA 2000 population") ("ZIP") ///
>         (r(N)) (r(mean)) (r(sd)) (r(p25)) (r(p50)) (r(p75))

. 
.     quietly summarize zcta_pop_density_2000, detail

.     post summaryout ("ZCTA 2000 density") ("ZIP") ///
>         (r(N)) (r(mean)) (r(sd)) (r(p25)) (r(p50)) (r(p75))

. 
.     quietly summarize CL_entry_year_, detail

.     post summaryout ("Craigslist entry year") ("Treated ZIP") ///
>         (r(N)) (r(mean)) (r(sd)) (r(p25)) (r(p50)) (r(p75))

. restore

. 
. postclose summaryout

. 
. preserve

.     use `summary_table', clear

.     format observations %12.0fc

.     format mean sd p25 p50 p75 %12.3f

.     export delimited using "$TABLES/tableA1_summary_statistics.csv", replace
(file
    /Users/isaacstern/Desktop/CL_Project/Working_CL/Craigslist_Replication_Package/output/tabl
    > es/tableA1_summary_statistics.csv not found)
file /Users/isaacstern/Desktop/CL_Project/Working_CL/Craigslist_Replication_Package/output/table
> s/tableA1_summary_statistics.csv saved

. restore

. 
. ********************************************************************************
. * Appendix Tables A2-A3 and Figures A3-A4. ZIP-trend event studies
. ********************************************************************************
. 
. gen byte event_m5 = rel_year == -5

. gen byte event_m4 = rel_year == -4

. gen byte event_m3 = rel_year == -3

. gen byte event_m2 = rel_year == -2

. gen byte event_m1 = rel_year == -1

. gen byte event_0  = rel_year == 0

. gen byte event_p1 = rel_year == 1

. gen byte event_p2 = rel_year == 2

. gen byte event_p3 = rel_year == 3

. gen byte event_p4 = rel_year == 4

. gen byte event_p5 = rel_year == 5

. 
. reghdfe SFR event_m5 event_m4 event_m3 event_m2 event_m1 ///
>     event_p1 event_p2 event_p3 event_p4 event_p5, ///
>     absorb(zip_id year zip_id#c.year) vce(cluster zip_id)
(dropped 677 singleton observations)
(MWFE estimator converged in 45 iterations)

HDFE Linear regression                            Number of obs   =    824,033
Absorbing 3 HDFE groups                           F(  10,  37586) =      32.65
Statistics robust to heteroskedasticity           Prob > F        =     0.0000
                                                  R-squared       =     0.9536
                                                  Adj R-squared   =     0.9489
                                                  Within R-sq.    =     0.0017
Number of clusters (zip_id)  =     37,587         Root MSE        =    22.7248

                            (Std. err. adjusted for 37,587 clusters in zip_id)
------------------------------------------------------------------------------
             |               Robust
         SFR | Coefficient  std. err.      t    P>|t|     [95% conf. interval]
-------------+----------------------------------------------------------------
    event_m5 |  -1.997915   .1706736   -11.71   0.000     -2.33244    -1.66339
    event_m4 |   -2.37017   .2040175   -11.62   0.000     -2.77005    -1.97029
    event_m3 |  -2.218198   .2143207   -10.35   0.000    -2.638272   -1.798124
    event_m2 |  -1.635011   .2370472    -6.90   0.000     -2.09963   -1.170392
    event_m1 |  -.3838767   .2470898    -1.55   0.120    -.8681795    .1004261
    event_p1 |   .9305803   .2627395     3.54   0.000     .4156037    1.445557
    event_p2 |   2.497941   .2733834     9.14   0.000     1.962102     3.03378
    event_p3 |     3.2315   .3000624    10.77   0.000      2.64337    3.819631
    event_p4 |   3.191385   .2867698    11.13   0.000     2.629309    3.753462
    event_p5 |   2.425898   .2670029     9.09   0.000     1.902565    2.949231
       _cons |   41.98608   .0367431  1142.69   0.000     41.91406     42.0581
------------------------------------------------------------------------------

Absorbed degrees of freedom:
-------------------------------------------------------+
   Absorbed FE | Categories  - Redundant  = Num. Coefs |
---------------+---------------------------------------|
        zip_id |     37587       37587           0    *|
          year |        29           1          28     |
 zip_id#c.year |     37587           0       37587    ?|
-------------------------------------------------------+
? = number of redundant parameters may be higher
* = FE nested within cluster; treated as redundant for DoF computation

. estimates store event_omit0

. 
. test event_m5 event_m4 event_m3 event_m2 event_m1

 ( 1)  event_m5 = 0
 ( 2)  event_m4 = 0
 ( 3)  event_m3 = 0
 ( 4)  event_m2 = 0
 ( 5)  event_m1 = 0

       F(  5, 37586) =   41.09
            Prob > F =    0.0000

. scalar pretrend_F = r(F)

. scalar pretrend_p = r(p)

. 
. tempfile event_omit0_results

. postfile omit0 int event_time double estimate se using `event_omit0_results', replace
(file /var/folders/y6/1132_sw9467159cnxrdm1jfr0000gn/T//S_57266.000004 not found)

. foreach k in 5 4 3 2 1 {
  2.     post omit0 (-`k') (_b[event_m`k']) (_se[event_m`k'])
  3. }

. foreach k in 1 2 3 4 5 {
  2.     post omit0 (`k') (_b[event_p`k']) (_se[event_p`k'])
  3. }

. postclose omit0

. 
. preserve

.     use `event_omit0_results', clear

.     gen ci_low = estimate - 1.96 * se

.     gen ci_high = estimate + 1.96 * se

.     gen pretrend_F = scalar(pretrend_F)

.     gen pretrend_p = scalar(pretrend_p)

.     export delimited using "$TABLES/tableA2_event_omit0.csv", replace
(file
    /Users/isaacstern/Desktop/CL_Project/Working_CL/Craigslist_Replication_Package/output/tabl
    > es/tableA2_event_omit0.csv not found)
file /Users/isaacstern/Desktop/CL_Project/Working_CL/Craigslist_Replication_Package/output/table
> s/tableA2_event_omit0.csv saved

. restore

. 
. coefplot event_omit0, ///
>     keep(event_m5 event_m4 event_m3 event_m2 event_m1 ///
>         event_p1 event_p2 event_p3 event_p4 event_p5) ///
>     vertical ///
>     coeflabels(event_m5="-5" event_m4="-4" event_m3="-3" event_m2="-2" ///
>         event_m1="-1" event_p1="1" event_p2="2" event_p3="3" event_p4="4" event_p5="5") ///
>     yline(0, lcolor(gs10) lwidth(thin)) ///
>     xline(5.5, lpattern(solid) lcolor(gs12) lwidth(thin)) ///
>     connect(l) lcolor(navy) lwidth(medthin) ///
>     mcolor(navy) msymbol(Oh) msize(medsmall) ///
>     ciopts(recast(rcap) lcolor(navy%70) lwidth(thin)) ///
>     title("Event Study: Craigslist Entry and ZIP-Level Startup Formation", ///
>         size(medsmall) color(black) position(12)) ///
>     ytitle("Effect on startup formation rate", size(medsmall) margin(medium)) ///
>     xtitle("Years relative to Craigslist entry", size(medsmall) margin(medium)) ///
>     xlabel(, labsize(small) nogrid) ///
>     ylabel(, angle(horizontal) labsize(small) nogrid format(%9.1f)) ///
>     xscale(lcolor(gs8) lwidth(thin)) yscale(lcolor(gs8) lwidth(thin)) ///
>     graphregion(color(white) margin(medium)) ///
>     plotregion(color(white) margin(small)) bgcolor(white) `graph_size'

. 
. graph export "$FIGURES/figureA3_event_omit0.pdf", replace
file
    /Users/isaacstern/Desktop/CL_Project/Working_CL/Craigslist_Replication_Package/output/figu
    > res/figureA3_event_omit0.pdf saved as PDF format

. graph export "$FIGURES/figureA3_event_omit0.png", replace width(2200)
file
    /Users/isaacstern/Desktop/CL_Project/Working_CL/Craigslist_Replication_Package/output/figu
    > res/figureA3_event_omit0.png saved as PNG format

. 
. reghdfe SFR event_m5 event_m4 event_m3 event_m2 event_m1 event_0 ///
>     event_p1 event_p2 event_p3 event_p4 event_p5, ///
>     absorb(zip_id year zip_id#c.year) vce(cluster zip_id)
(dropped 677 singleton observations)
(MWFE estimator converged in 45 iterations)

HDFE Linear regression                            Number of obs   =    824,033
Absorbing 3 HDFE groups                           F(  11,  37586) =      30.11
Statistics robust to heteroskedasticity           Prob > F        =     0.0000
                                                  R-squared       =     0.9536
                                                  Adj R-squared   =     0.9489
                                                  Within R-sq.    =     0.0017
Number of clusters (zip_id)  =     37,587         Root MSE        =    22.7244

                            (Std. err. adjusted for 37,587 clusters in zip_id)
------------------------------------------------------------------------------
             |               Robust
         SFR | Coefficient  std. err.      t    P>|t|     [95% conf. interval]
-------------+----------------------------------------------------------------
    event_m5 |  -1.887055    .184153   -10.25   0.000       -2.248    -1.52611
    event_m4 |  -2.241841   .2233704   -10.04   0.000    -2.679653   -1.804029
    event_m3 |  -2.066722   .2424449    -8.52   0.000     -2.54192   -1.591523
    event_m2 |  -1.478492   .2726844    -5.42   0.000    -2.012961   -.9440233
    event_m1 |  -.2015914   .2973104    -0.68   0.498    -.7843279    .3811451
     event_0 |   .9476346   .3038115     3.12   0.002     .3521559    1.543113
    event_p1 |   1.115717   .3135486     3.56   0.000     .5011534    1.730281
    event_p2 |   2.659784   .3084304     8.62   0.000     2.055252    3.264316
    event_p3 |   3.390789   .3237304    10.47   0.000     2.756268    4.025309
    event_p4 |   3.330622   .3022314    11.02   0.000      2.73824    3.923004
    event_p5 |   2.550526   .2756705     9.25   0.000     2.010204    3.090847
       _cons |   41.93172   .0509792   822.53   0.000      41.8318    42.03164
------------------------------------------------------------------------------

Absorbed degrees of freedom:
-------------------------------------------------------+
   Absorbed FE | Categories  - Redundant  = Num. Coefs |
---------------+---------------------------------------|
        zip_id |     37587       37587           0    *|
          year |        29           1          28     |
 zip_id#c.year |     37587           0       37587    ?|
-------------------------------------------------------+
? = number of redundant parameters may be higher
* = FE nested within cluster; treated as redundant for DoF computation

. estimates store event_include0

. 
. tempfile event_include0_results

. postfile include0 int event_time double estimate se using `event_include0_results', replace
(file /var/folders/y6/1132_sw9467159cnxrdm1jfr0000gn/T//S_57266.000006 not found)

. foreach k in 5 4 3 2 1 {
  2.     post include0 (-`k') (_b[event_m`k']) (_se[event_m`k'])
  3. }

. post include0 (0) (_b[event_0]) (_se[event_0])

. foreach k in 1 2 3 4 5 {
  2.     post include0 (`k') (_b[event_p`k']) (_se[event_p`k'])
  3. }

. postclose include0

. 
. preserve

.     use `event_include0_results', clear

.     gen ci_low = estimate - 1.96 * se

.     gen ci_high = estimate + 1.96 * se

.     export delimited using "$TABLES/tableA3_event_include0.csv", replace
(file
    /Users/isaacstern/Desktop/CL_Project/Working_CL/Craigslist_Replication_Package/output/tabl
    > es/tableA3_event_include0.csv not found)
file /Users/isaacstern/Desktop/CL_Project/Working_CL/Craigslist_Replication_Package/output/table
> s/tableA3_event_include0.csv saved

. restore

. 
. coefplot event_include0, ///
>     keep(event_m5 event_m4 event_m3 event_m2 event_m1 event_0 ///
>         event_p1 event_p2 event_p3 event_p4 event_p5) ///
>     vertical ///
>     coeflabels(event_m5="-5" event_m4="-4" event_m3="-3" event_m2="-2" ///
>         event_m1="-1" event_0="0" event_p1="1" event_p2="2" event_p3="3" ///
>         event_p4="4" event_p5="5") ///
>     yline(0, lcolor(gs10) lwidth(thin)) ///
>     connect(l) lcolor(navy) lwidth(medthin) ///
>     mcolor(navy) msymbol(Oh) msize(medsmall) ///
>     ciopts(recast(rcap) lcolor(navy%70) lwidth(thin)) ///
>     title("Event Study with Event Year 0 Estimated", ///
>         size(medsmall) color(black) position(12)) ///
>     ytitle("Effect on startup formation rate", size(medsmall) margin(medium)) ///
>     xtitle("Years relative to Craigslist entry", size(medsmall) margin(medium)) ///
>     xlabel(, labsize(small) nogrid) ///
>     ylabel(, angle(horizontal) labsize(small) nogrid format(%9.1f)) ///
>     xscale(lcolor(gs8) lwidth(thin)) yscale(lcolor(gs8) lwidth(thin)) ///
>     graphregion(color(white) margin(medium)) ///
>     plotregion(color(white) margin(small)) bgcolor(white) `graph_size'

. 
. graph export "$FIGURES/figureA4_event_include0.pdf", replace
file
    /Users/isaacstern/Desktop/CL_Project/Working_CL/Craigslist_Replication_Package/output/figu
    > res/figureA4_event_include0.pdf saved as PDF format

. graph export "$FIGURES/figureA4_event_include0.png", replace width(2200)
file
    /Users/isaacstern/Desktop/CL_Project/Working_CL/Craigslist_Replication_Package/output/figu
    > res/figureA4_event_include0.png saved as PNG format

. 
. ********************************************************************************
. * Appendix Table A4. ZIP, county, and CBSA aggregation comparison
. ********************************************************************************
. 
. use "$DERIVED/analysis_panel.dta", clear

. tempfile aggregation_table zip_panel

. postfile aggout str12 geography double coefficient se p_value observations r_squared units ///
>     using `aggregation_table', replace
(file /var/folders/y6/1132_sw9467159cnxrdm1jfr0000gn/T//S_57266.000008 not found)

. 
. reghdfe SFR did, absorb(zip_id year) vce(cluster zip_id)
(dropped 677 singleton observations)
(MWFE estimator converged in 5 iterations)

HDFE Linear regression                            Number of obs   =    824,033
Absorbing 2 HDFE groups                           F(   1,  37586) =     975.06
Statistics robust to heteroskedasticity           Prob > F        =     0.0000
                                                  R-squared       =     0.7864
                                                  Adj R-squared   =     0.7762
                                                  Within R-sq.    =     0.0139
Number of clusters (zip_id)  =     37,587         Root MSE        =    47.5753

                            (Std. err. adjusted for 37,587 clusters in zip_id)
------------------------------------------------------------------------------
             |               Robust
         SFR | Coefficient  std. err.      t    P>|t|     [95% conf. interval]
-------------+----------------------------------------------------------------
         did |   20.84508    .667557    31.23   0.000     19.53665    22.15351
       _cons |   36.43773   .1804981   201.87   0.000     36.08395    36.79151
------------------------------------------------------------------------------

Absorbed degrees of freedom:
-----------------------------------------------------+
 Absorbed FE | Categories  - Redundant  = Num. Coefs |
-------------+---------------------------------------|
      zip_id |     37587       37587           0    *|
        year |        29           1          28     |
-----------------------------------------------------+
* = FE nested within cluster; treated as redundant for DoF computation

. egen byte tag_zip = tag(zip_id) if e(sample)

. quietly count if tag_zip

. local n_zip_units = r(N)

. drop tag_zip

. post aggout ("ZIP") (_b[did]) (_se[did]) ///
>     (2 * ttail(e(df_r), abs(_b[did] / _se[did]))) (e(N)) (e(r2)) (`n_zip_units')

. save `zip_panel'
file /var/folders/y6/1132_sw9467159cnxrdm1jfr0000gn/T//S_57266.000009 saved as .dta format

. 
. drop if missing(fips)
(0 observations deleted)

. collapse (mean) SFR did, by(fips year)

. egen long county_id = group(fips)

. xtset county_id year

Panel variable: county_id (unbalanced)
 Time variable: year, 1988 to 2016, but with gaps
         Delta: 1 unit

. xtreg SFR did i.year, fe vce(cluster county_id)

Fixed-effects (within) regression               Number of obs     =     84,563
Group variable: county_id                       Number of groups  =      3,093

R-squared:                                      Obs per group:
     Within  = 0.2150                                         min =          1
     Between = 0.0302                                         avg =       27.3
     Overall = 0.0817                                         max =         29

                                                F(29, 3092)       =      43.66
corr(u_i, Xb) = 0.0335                          Prob > F          =     0.0000

                          (Std. err. adjusted for 3,093 clusters in county_id)
------------------------------------------------------------------------------
             |               Robust
         SFR | Coefficient  std. err.      t    P>|t|     [95% conf. interval]
-------------+----------------------------------------------------------------
         did |   9.920897   1.071432     9.26   0.000     7.820106    12.02169
             |
        year |
       1989  |  -.0261918   .0795865    -0.33   0.742    -.1822395     .129856
       1990  |   .1450997   .0886752     1.64   0.102    -.0287685    .3189679
       1991  |   .0556274   .0905932     0.61   0.539    -.1220016    .2332563
       1992  |   .9508245   .0973117     9.77   0.000     .7600224    1.141627
       1993  |   1.735568   .1154006    15.04   0.000     1.509298    1.961837
       1994  |   2.778159   .1298131    21.40   0.000     2.523631    3.032688
       1995  |   3.790552   .1531257    24.75   0.000     3.490313     4.09079
       1996  |   4.834093   .1747594    27.66   0.000     4.491436    5.176749
       1997  |    5.71617   .2004817    28.51   0.000      5.32308    6.109261
       1998  |   6.070852   .2168132    28.00   0.000      5.64574    6.495965
       1999  |   7.111544   .2485131    28.62   0.000     6.624276    7.598811
       2000  |   8.121144   .2779316    29.22   0.000     7.576195    8.666094
       2001  |   8.271544    .292614    28.27   0.000     7.697807    8.845282
       2002  |   10.39814   .3652466    28.47   0.000     9.681991    11.11429
       2003  |   12.83557   .4434715    28.94   0.000     11.96604     13.7051
       2004  |   15.39378   .5239832    29.38   0.000     14.36639    16.42117
       2005  |   16.28039   .5753379    28.30   0.000     15.15231    17.40848
       2006  |   15.76525   .5974769    26.39   0.000     14.59376    16.93674
       2007  |   16.12882   .6109925    26.40   0.000     14.93082    17.32681
       2008  |   14.07088   .5543855    25.38   0.000     12.98388    15.15788
       2009  |   12.05837   .5640829    21.38   0.000     10.95235    13.16438
       2010  |   13.07676   .5812769    22.50   0.000     11.93703    14.21649
       2011  |   14.55137   .6124556    23.76   0.000     13.35051    15.75223
       2012  |    16.3787   .6496254    25.21   0.000     15.10496    17.65244
       2013  |   17.18639   .6609154    26.00   0.000     15.89051    18.48226
       2014  |   18.98273    .722295    26.28   0.000      17.5665    20.39895
       2015  |   21.12769   .7948145    26.58   0.000     19.56927    22.68611
       2016  |   22.49245   .9055956    24.84   0.000     20.71682    24.26808
             |
       _cons |   7.013051   .3797087    18.47   0.000     6.268544    7.757557
-------------+----------------------------------------------------------------
     sigma_u |  27.389897
     sigma_e |   16.40987
         rho |  .73586424   (fraction of variance due to u_i)
------------------------------------------------------------------------------

. egen byte tag_county = tag(county_id) if e(sample)

. quietly count if tag_county

. local n_county_units = r(N)

. drop tag_county

. post aggout ("County") (_b[did]) (_se[did]) ///
>     (2 * ttail(e(df_r), abs(_b[did] / _se[did]))) (e(N)) (e(r2_w)) (`n_county_units')

. 
. use `zip_panel', clear

. drop if missing(CBSA)
(143,654 observations deleted)

. collapse (mean) SFR did, by(CBSA year)

. egen long cbsa_id = group(CBSA)

. xtset cbsa_id year

Panel variable: cbsa_id (unbalanced)
 Time variable: year, 1988 to 2016, but with gaps
         Delta: 1 unit

. xtreg SFR did i.year, fe vce(cluster cbsa_id)

Fixed-effects (within) regression               Number of obs     =     26,328
Group variable: cbsa_id                         Number of groups  =        924

R-squared:                                      Obs per group:
     Within  = 0.3179                                         min =          2
     Between = 0.0820                                         avg =       28.5
     Overall = 0.1347                                         max =         29

                                                F(29, 923)        =      27.46
corr(u_i, Xb) = 0.0435                          Prob > F          =     0.0000

                              (Std. err. adjusted for 924 clusters in cbsa_id)
------------------------------------------------------------------------------
             |               Robust
         SFR | Coefficient  std. err.      t    P>|t|     [95% conf. interval]
-------------+----------------------------------------------------------------
         did |   11.26446   1.443008     7.81   0.000     8.432507    14.09642
             |
        year |
       1989  |   .0433342   .0962865     0.45   0.653    -.1456316       .2323
       1990  |   .1086209   .1195074     0.91   0.364    -.1259167    .3431586
       1991  |   .1172239    .132336     0.89   0.376    -.1424905    .3769383
       1992  |   .9559698   .1471595     6.50   0.000     .6671638    1.244776
       1993  |   2.030486   .1926479    10.54   0.000     1.652407    2.408564
       1994  |   3.305353   .2176151    15.19   0.000     2.878275    3.732431
       1995  |    4.46043   .2490158    17.91   0.000     3.971728    4.949133
       1996  |   5.636901   .2824605    19.96   0.000     5.082562    6.191241
       1997  |   6.701545   .3255551    20.58   0.000     6.062631    7.340459
       1998  |   7.067565   .3534495    20.00   0.000     6.373907    7.761223
       1999  |   8.296528   .4089434    20.29   0.000     7.493961    9.099094
       2000  |   9.439599   .4458743    21.17   0.000     8.564553    10.31464
       2001  |   9.653769   .4786845    20.17   0.000     8.714332     10.5932
       2002  |   12.13782   .5792338    20.95   0.000     11.00105    13.27459
       2003  |   15.15553   .7124042    21.27   0.000     13.75741    16.55365
       2004  |   18.61217   .8758157    21.25   0.000     16.89335    20.33099
       2005  |   19.83395   .9524367    20.82   0.000     17.96476    21.70314
       2006  |   18.15008   .8870328    20.46   0.000     16.40925    19.89092
       2007  |   18.52678    .899257    20.60   0.000     16.76196    20.29161
       2008  |   15.41805   .7869033    19.59   0.000     13.87372    16.96238
       2009  |   12.50376   .7788359    16.05   0.000     10.97527    14.03226
       2010  |   13.46044   .7873305    17.10   0.000     11.91527     15.0056
       2011  |   15.23477   .8159426    18.67   0.000     13.63346    16.83609
       2012  |    17.2067   .8546589    20.13   0.000      15.5294      18.884
       2013  |   18.62383    .916396    20.32   0.000     16.82536    20.42229
       2014  |   20.82408   1.003232    20.76   0.000      18.8552    22.79296
       2015  |   23.37579   1.090212    21.44   0.000     21.23621    25.51537
       2016  |    25.3408   1.322039    19.17   0.000     22.74625    27.93535
             |
       _cons |   9.176514   .6023617    15.23   0.000     7.994357    10.35867
-------------+----------------------------------------------------------------
     sigma_u |  24.382519
     sigma_e |  14.864159
         rho |  .72905376   (fraction of variance due to u_i)
------------------------------------------------------------------------------

. egen byte tag_cbsa = tag(cbsa_id) if e(sample)

. quietly count if tag_cbsa

. local n_cbsa_units = r(N)

. drop tag_cbsa

. post aggout ("CBSA") (_b[did]) (_se[did]) ///
>     (2 * ttail(e(df_r), abs(_b[did] / _se[did]))) (e(N)) (e(r2_w)) (`n_cbsa_units')

. 
. postclose aggout

. 
. use `aggregation_table', clear

. format coefficient se p_value r_squared %9.4f

. format observations units %12.0fc

. export delimited using "$TABLES/tableA4_aggregation.csv", replace
(file
    /Users/isaacstern/Desktop/CL_Project/Working_CL/Craigslist_Replication_Package/output/tabl
    > es/tableA4_aggregation.csv not found)
file /Users/isaacstern/Desktop/CL_Project/Working_CL/Craigslist_Replication_Package/output/table
> s/tableA4_aggregation.csv saved

. 
. log close appendixresults
      name:  appendixresults
       log:  /Users/isaacstern/Desktop/CL_Project/Working_CL/Craigslist_Replication_Package/outp
> ut/logs/03_appendix_results.log
  log type:  text
 closed on:   1 Aug 2026, 13:25:12
------------------------------------------------------------------------------------------------
