------------------------------------------------------------------------------------------------
      name:  honestresults
       log:  /Users/isaacstern/Desktop/CL_Project/Working_CL/Craigslist_Replication_Package/outp
> ut/logs/04_honestdid.log
  log type:  text
 opened on:   1 Aug 2026, 13:25:20

. 
. use "$DERIVED/analysis_panel.dta", clear

. keep if cl_entry_year_csdid == 0 | inrange(rel_year, -5, 5)
(306,277 observations deleted)

. 
. ********************************************************************************
. * Appendix Figure A1. Baseline HonestDiD sensitivity
. ********************************************************************************
. 
. csdid SFR, ///
>     ivar(zip_id) time(year) gvar(cl_entry_year_csdid) ///
>     method(dripw) vce(cluster zip_id)
Panel is not balanced
Will use observations with Pair balanced (observed at t0 and t1)
xx..........xxxxxxxxxxxxxxxxxxxxxxx..........xxxxx
xxxxxxxxxxxxxx..........xxxxxxxxxxxxxxxxxxx.......
...xxxxxxxxxxxxxxxxxxx..........xxxxxxxxxxxxxxxxxx
x..........xxxxxxxxxxxxxxxxxxx..........xxxxxxxxxx
xxxxxxxxx..........xxxxxxxxxxxxxxxxxxxx..........x
xxxxxxxxxxxxxxxxxx..........xx
Difference-in-difference with Multiple Time Periods

                                                       Number of obs = 452,953
Outcome model  : least squares
Treatment model: inverse probability
------------------------------------------------------------------------------
             | Coefficient  Std. err.      z    P>|z|     [95% conf. interval]
-------------+----------------------------------------------------------------
g1995        |
 t_1988_1989 |          0  (omitted)
 t_1989_1990 |          0  (omitted)
 t_1990_1991 |  -2.505448   .4833665    -5.18   0.000    -3.452829   -1.558067
 t_1991_1992 |   -.736315   .4247671    -1.73   0.083    -1.568843    .0962133
 t_1992_1993 |   1.525459   .5033978     3.03   0.002     .5388169      2.5121
 t_1993_1994 |   .6411786   .6594669     0.97   0.331    -.6513528     1.93371
 t_1994_1995 |   2.629002   .5454212     4.82   0.000     1.559996    3.698007
 t_1994_1996 |   5.527976   .7508225     7.36   0.000     4.056391    6.999561
 t_1994_1997 |   10.74585   1.184395     9.07   0.000     8.424474    13.06722
 t_1994_1998 |   12.51045   1.268045     9.87   0.000     10.02513    14.99578
 t_1994_1999 |   19.78612   2.043393     9.68   0.000     15.78114    23.79109
 t_1994_2000 |   33.71913   2.938818    11.47   0.000     27.95916    39.47911
 t_1994_2001 |          0  (omitted)
 t_1994_2002 |          0  (omitted)
 t_1994_2003 |          0  (omitted)
 t_1994_2004 |          0  (omitted)
 t_1994_2005 |          0  (omitted)
 t_1994_2006 |          0  (omitted)
 t_1994_2007 |          0  (omitted)
 t_1994_2008 |          0  (omitted)
 t_1994_2009 |          0  (omitted)
 t_1994_2010 |          0  (omitted)
 t_1994_2011 |          0  (omitted)
 t_1994_2012 |          0  (omitted)
 t_1994_2013 |          0  (omitted)
 t_1994_2014 |          0  (omitted)
 t_1994_2015 |          0  (omitted)
 t_1994_2016 |          0  (omitted)
-------------+----------------------------------------------------------------
g2000        |
 t_1988_1989 |          0  (omitted)
 t_1989_1990 |          0  (omitted)
 t_1990_1991 |          0  (omitted)
 t_1991_1992 |          0  (omitted)
 t_1992_1993 |          0  (omitted)
 t_1993_1994 |          0  (omitted)
 t_1994_1995 |          0  (omitted)
 t_1995_1996 |   5.016503   .4601924    10.90   0.000     4.114542    5.918463
 t_1996_1997 |   4.361709   .4664277     9.35   0.000     3.447528    5.275891
 t_1997_1998 |   1.786724   .4812453     3.71   0.000     .8435001    2.729947
 t_1998_1999 |   6.548779   .5544017    11.81   0.000     5.462172    7.635386
 t_1999_2000 |   9.713824   .7044474    13.79   0.000     8.333132    11.09452
 t_1999_2001 |   5.985617   .7891574     7.58   0.000     4.438896    7.532337
 t_1999_2002 |   19.52832   1.044809    18.69   0.000     17.48053    21.57611
 t_1999_2003 |   26.33561   1.276563    20.63   0.000      23.8336    28.83763
 t_1999_2004 |   38.51658   1.687525    22.82   0.000     35.20909    41.82407
 t_1999_2005 |   47.82312   2.006696    23.83   0.000     43.89006    51.75617
 t_1999_2006 |          0  (omitted)
 t_1999_2007 |          0  (omitted)
 t_1999_2008 |          0  (omitted)
 t_1999_2009 |          0  (omitted)
 t_1999_2010 |          0  (omitted)
 t_1999_2011 |          0  (omitted)
 t_1999_2012 |          0  (omitted)
 t_1999_2013 |          0  (omitted)
 t_1999_2014 |          0  (omitted)
 t_1999_2015 |          0  (omitted)
 t_1999_2016 |          0  (omitted)
-------------+----------------------------------------------------------------
g2001        |
 t_1988_1989 |          0  (omitted)
 t_1989_1990 |          0  (omitted)
 t_1990_1991 |          0  (omitted)
 t_1991_1992 |          0  (omitted)
 t_1992_1993 |          0  (omitted)
 t_1993_1994 |          0  (omitted)
 t_1994_1995 |          0  (omitted)
 t_1995_1996 |          0  (omitted)
 t_1996_1997 |   8.667531   1.315909     6.59   0.000     6.088396    11.24666
 t_1997_1998 |   7.867562   1.373015     5.73   0.000     5.176503    10.55862
 t_1998_1999 |   12.00516   1.334313     9.00   0.000     9.389959    14.62037
 t_1999_2000 |   7.143949   1.435831     4.98   0.000     4.329771    9.958127
 t_2000_2001 |     1.7647   1.326907     1.33   0.184    -.8359897    4.365391
 t_2000_2002 |   18.56052   2.057585     9.02   0.000     14.52773    22.59332
 t_2000_2003 |   32.13311   3.053458    10.52   0.000     26.14844    38.11778
 t_2000_2004 |   46.50642   4.609511    10.09   0.000     37.47195     55.5409
 t_2000_2005 |   62.26486   5.770444    10.79   0.000     50.95499    73.57472
 t_2000_2006 |   75.25419    6.78902    11.08   0.000     61.94796    88.56043
 t_2000_2007 |          0  (omitted)
 t_2000_2008 |          0  (omitted)
 t_2000_2009 |          0  (omitted)
 t_2000_2010 |          0  (omitted)
 t_2000_2011 |          0  (omitted)
 t_2000_2012 |          0  (omitted)
 t_2000_2013 |          0  (omitted)
 t_2000_2014 |          0  (omitted)
 t_2000_2015 |          0  (omitted)
 t_2000_2016 |          0  (omitted)
-------------+----------------------------------------------------------------
g2002        |
 t_1988_1989 |          0  (omitted)
 t_1989_1990 |          0  (omitted)
 t_1990_1991 |          0  (omitted)
 t_1991_1992 |          0  (omitted)
 t_1992_1993 |          0  (omitted)
 t_1993_1994 |          0  (omitted)
 t_1994_1995 |          0  (omitted)
 t_1995_1996 |          0  (omitted)
 t_1996_1997 |          0  (omitted)
 t_1997_1998 |   3.779998   .8930932     4.23   0.000     2.029567    5.530428
 t_1998_1999 |   8.694959   1.144403     7.60   0.000     6.451971    10.93795
 t_1999_2000 |   11.31016   1.520374     7.44   0.000     8.330284    14.29004
 t_2000_2001 |   6.810077   .9885457     6.89   0.000     4.872563    8.747591
 t_2001_2002 |   21.88978   2.044454    10.71   0.000     17.88273    25.89684
 t_2001_2003 |   37.32005   2.972457    12.56   0.000     31.49414    43.14596
 t_2001_2004 |   66.26302   5.165918    12.83   0.000     56.13801    76.38804
 t_2001_2005 |   100.7261   7.899061    12.75   0.000     85.24421     116.208
 t_2001_2006 |   103.9557   7.816904    13.30   0.000     88.63487    119.2766
 t_2001_2007 |   102.0267   7.586607    13.45   0.000     87.15724    116.8962
 t_2001_2008 |          0  (omitted)
 t_2001_2009 |          0  (omitted)
 t_2001_2010 |          0  (omitted)
 t_2001_2011 |          0  (omitted)
 t_2001_2012 |          0  (omitted)
 t_2001_2013 |          0  (omitted)
 t_2001_2014 |          0  (omitted)
 t_2001_2015 |          0  (omitted)
 t_2001_2016 |          0  (omitted)
-------------+----------------------------------------------------------------
g2003        |
 t_1988_1989 |          0  (omitted)
 t_1989_1990 |          0  (omitted)
 t_1990_1991 |          0  (omitted)
 t_1991_1992 |          0  (omitted)
 t_1992_1993 |          0  (omitted)
 t_1993_1994 |          0  (omitted)
 t_1994_1995 |          0  (omitted)
 t_1995_1996 |          0  (omitted)
 t_1996_1997 |          0  (omitted)
 t_1997_1998 |          0  (omitted)
 t_1998_1999 |    2.03541   .4860039     4.19   0.000      1.08286     2.98796
 t_1999_2000 |   1.117524   .4908964     2.28   0.023     .1553848    2.079664
 t_2000_2001 |   4.793619   .5578882     8.59   0.000     3.700179     5.88706
 t_2001_2002 |   9.157746   .7934261    11.54   0.000      7.60266    10.71283
 t_2002_2003 |   6.320877   .7416164     8.52   0.000     4.867336    7.774419
 t_2002_2004 |    15.4411   1.246599    12.39   0.000     12.99781    17.88439
 t_2002_2005 |   22.19962    1.70977    12.98   0.000     18.84853     25.5507
 t_2002_2006 |   20.51833   1.641395    12.50   0.000     17.30126    23.73541
 t_2002_2007 |   21.54731    1.70291    12.65   0.000     18.20967    24.88495
 t_2002_2008 |   14.56084   1.386133    10.50   0.000     11.84407    17.27761
 t_2002_2009 |          0  (omitted)
 t_2002_2010 |          0  (omitted)
 t_2002_2011 |          0  (omitted)
 t_2002_2012 |          0  (omitted)
 t_2002_2013 |          0  (omitted)
 t_2002_2014 |          0  (omitted)
 t_2002_2015 |          0  (omitted)
 t_2002_2016 |          0  (omitted)
-------------+----------------------------------------------------------------
g2004        |
 t_1988_1989 |          0  (omitted)
 t_1989_1990 |          0  (omitted)
 t_1990_1991 |          0  (omitted)
 t_1991_1992 |          0  (omitted)
 t_1992_1993 |          0  (omitted)
 t_1993_1994 |          0  (omitted)
 t_1994_1995 |          0  (omitted)
 t_1995_1996 |          0  (omitted)
 t_1996_1997 |          0  (omitted)
 t_1997_1998 |          0  (omitted)
 t_1998_1999 |          0  (omitted)
 t_1999_2000 |   3.450091   .4420329     7.81   0.000     2.583722    4.316459
 t_2000_2001 |   .9449294   .4504592     2.10   0.036     .0620456    1.827813
 t_2001_2002 |   4.904757   .4912869     9.98   0.000     3.941852    5.867661
 t_2002_2003 |   6.176312   .5791896    10.66   0.000     5.041122    7.311503
 t_2003_2004 |   6.900116   .5757359    11.98   0.000     5.771695    8.028538
 t_2003_2005 |   13.00538   .9479886    13.72   0.000     11.14735     14.8634
 t_2003_2006 |   14.27524   1.053087    13.56   0.000     12.21123    16.33926
 t_2003_2007 |   14.76461   1.136757    12.99   0.000     12.53661    16.99261
 t_2003_2008 |   9.047676   .9422567     9.60   0.000     7.200887    10.89447
 t_2003_2009 |   5.813152   .9615923     6.05   0.000     3.928466    7.697838
 t_2003_2010 |          0  (omitted)
 t_2003_2011 |          0  (omitted)
 t_2003_2012 |          0  (omitted)
 t_2003_2013 |          0  (omitted)
 t_2003_2014 |          0  (omitted)
 t_2003_2015 |          0  (omitted)
 t_2003_2016 |          0  (omitted)
-------------+----------------------------------------------------------------
g2005        |
 t_1988_1989 |          0  (omitted)
 t_1989_1990 |          0  (omitted)
 t_1990_1991 |          0  (omitted)
 t_1991_1992 |          0  (omitted)
 t_1992_1993 |          0  (omitted)
 t_1993_1994 |          0  (omitted)
 t_1994_1995 |          0  (omitted)
 t_1995_1996 |          0  (omitted)
 t_1996_1997 |          0  (omitted)
 t_1997_1998 |          0  (omitted)
 t_1998_1999 |          0  (omitted)
 t_1999_2000 |          0  (omitted)
 t_2000_2001 |   .0512919   .2280964     0.22   0.822    -.3957688    .4983526
 t_2001_2002 |   2.101864   .3077771     6.83   0.000     1.498632    2.705096
 t_2002_2003 |   2.175894   .3590366     6.06   0.000     1.472195    2.879593
 t_2003_2004 |   3.191385    .376596     8.47   0.000     2.453271      3.9295
 t_2004_2005 |   1.214128   .2971944     4.09   0.000      .631638    1.796619
 t_2004_2006 |   .2813953   .3756711     0.75   0.454    -.4549065    1.017697
 t_2004_2007 |   .2078556    .474038     0.44   0.661    -.7212417    1.136953
 t_2004_2008 |   -.791889   .4847297    -1.63   0.102    -1.741942    .1581637
 t_2004_2009 |  -1.658034    .474888    -3.49   0.000    -2.588797   -.7272708
 t_2004_2010 |  -.7359288   .5546294    -1.33   0.185    -1.822982    .3511248
 t_2004_2011 |          0  (omitted)
 t_2004_2012 |          0  (omitted)
 t_2004_2013 |          0  (omitted)
 t_2004_2014 |          0  (omitted)
 t_2004_2015 |          0  (omitted)
 t_2004_2016 |          0  (omitted)
-------------+----------------------------------------------------------------
g2006        |
 t_1988_1989 |          0  (omitted)
 t_1989_1990 |          0  (omitted)
 t_1990_1991 |          0  (omitted)
 t_1991_1992 |          0  (omitted)
 t_1992_1993 |          0  (omitted)
 t_1993_1994 |          0  (omitted)
 t_1994_1995 |          0  (omitted)
 t_1995_1996 |          0  (omitted)
 t_1996_1997 |          0  (omitted)
 t_1997_1998 |          0  (omitted)
 t_1998_1999 |          0  (omitted)
 t_1999_2000 |          0  (omitted)
 t_2000_2001 |          0  (omitted)
 t_2001_2002 |   2.094739   .2581277     8.12   0.000     1.588818     2.60066
 t_2002_2003 |   3.043733   .3048734     9.98   0.000     2.446192    3.641274
 t_2003_2004 |   2.984879   .3147185     9.48   0.000     2.368042    3.601716
 t_2004_2005 |    1.72531   .2681948     6.43   0.000     1.199658    2.250962
 t_2005_2006 |  -1.012962   .2690991    -3.76   0.000    -1.540387   -.4855378
 t_2005_2007 |  -1.793128   .3338561    -5.37   0.000    -2.447474   -1.138782
 t_2005_2008 |  -4.204048   .3996427   -10.52   0.000    -4.987333   -3.420763
 t_2005_2009 |  -5.646935   .4444578   -12.71   0.000    -6.518056   -4.775814
 t_2005_2010 |  -5.039188   .4758312   -10.59   0.000      -5.9718   -4.106576
 t_2005_2011 |  -4.090987   .5532317    -7.39   0.000    -5.175301   -3.006673
 t_2005_2012 |          0  (omitted)
 t_2005_2013 |          0  (omitted)
 t_2005_2014 |          0  (omitted)
 t_2005_2015 |          0  (omitted)
 t_2005_2016 |          0  (omitted)
-------------+----------------------------------------------------------------
g2008        |
 t_1988_1989 |          0  (omitted)
 t_1989_1990 |          0  (omitted)
 t_1990_1991 |          0  (omitted)
 t_1991_1992 |          0  (omitted)
 t_1992_1993 |          0  (omitted)
 t_1993_1994 |          0  (omitted)
 t_1994_1995 |          0  (omitted)
 t_1995_1996 |          0  (omitted)
 t_1996_1997 |          0  (omitted)
 t_1997_1998 |          0  (omitted)
 t_1998_1999 |          0  (omitted)
 t_1999_2000 |          0  (omitted)
 t_2000_2001 |          0  (omitted)
 t_2001_2002 |          0  (omitted)
 t_2002_2003 |          0  (omitted)
 t_2003_2004 |   1.226774   .5979243     2.05   0.040     .0548639    2.398684
 t_2004_2005 |    .720389   .4555284     1.58   0.114    -.1724302    1.613208
 t_2005_2006 |  -.7768718   .4815236    -1.61   0.107    -1.720641    .1668972
 t_2006_2007 |  -.5259751   .4351285    -1.21   0.227    -1.378811    .3268611
 t_2007_2008 |  -1.164652   .5248049    -2.22   0.026    -2.193251   -.1360536
 t_2007_2009 |  -2.980231   .6516661    -4.57   0.000    -4.257473   -1.702989
 t_2007_2010 |  -2.509161   .8504873    -2.95   0.003    -4.176085   -.8422364
 t_2007_2011 |  -.7937175   .9253016    -0.86   0.391    -2.607275     1.01984
 t_2007_2012 |  -.9455844   1.044977    -0.90   0.366    -2.993703    1.102534
 t_2007_2013 |   1.257939   1.427124     0.88   0.378    -1.539171     4.05505
 t_2007_2014 |          0  (omitted)
 t_2007_2015 |          0  (omitted)
 t_2007_2016 |          0  (omitted)
-------------+----------------------------------------------------------------
g2009        |
 t_1988_1989 |          0  (omitted)
 t_1989_1990 |          0  (omitted)
 t_1990_1991 |          0  (omitted)
 t_1991_1992 |          0  (omitted)
 t_1992_1993 |          0  (omitted)
 t_1993_1994 |          0  (omitted)
 t_1994_1995 |          0  (omitted)
 t_1995_1996 |          0  (omitted)
 t_1996_1997 |          0  (omitted)
 t_1997_1998 |          0  (omitted)
 t_1998_1999 |          0  (omitted)
 t_1999_2000 |          0  (omitted)
 t_2000_2001 |          0  (omitted)
 t_2001_2002 |          0  (omitted)
 t_2002_2003 |          0  (omitted)
 t_2003_2004 |          0  (omitted)
 t_2004_2005 |  -.5521076   .3307074    -1.67   0.095    -1.200282    .0960671
 t_2005_2006 |   -.285667   .3681764    -0.78   0.438     -1.00728    .4359455
 t_2006_2007 |  -.0431943   .5282914    -0.08   0.935    -1.078626    .9922378
 t_2007_2008 |   .4074783   .6103465     0.67   0.504    -.7887788    1.603735
 t_2008_2009 |   -.271356   .2702223    -1.00   0.315    -.8009819    .2582699
 t_2008_2010 |  -.3966798   .2921735    -1.36   0.175    -.9693292    .1759697
 t_2008_2011 |  -1.295039   .3356228    -3.86   0.000    -1.952848   -.6372309
 t_2008_2012 |  -2.805716   .3728968    -7.52   0.000    -3.536581   -2.074852
 t_2008_2013 |  -3.256405   .4147355    -7.85   0.000    -4.069272   -2.443539
 t_2008_2014 |  -3.955587   .5013323    -7.89   0.000     -4.93818   -2.972994
 t_2008_2015 |          0  (omitted)
 t_2008_2016 |          0  (omitted)
------------------------------------------------------------------------------
Control: Never Treated

See Callaway and Sant'Anna (2021) for details

. 
. csdid_estat event, window(-5 5) estore(honest_base_event)
ATT by Periods Before and After treatment
Event Study:Dynamic effects
------------------------------------------------------------------------------
             | Coefficient  Std. err.      z    P>|z|     [95% conf. interval]
-------------+----------------------------------------------------------------
     Pre_avg |   2.614429   .1064953    24.55   0.000     2.405702    2.823156
    Post_avg |   5.784028    .298384    19.38   0.000     5.199206     6.36885
         Tm4 |   1.831172   .1357668    13.49   0.000     1.565074     2.09727
         Tm3 |   2.306624   .1534293    15.03   0.000     2.005909     2.60734
         Tm2 |   2.913346   .1719023    16.95   0.000     2.576424    3.250269
         Tm1 |   3.406574   .1726426    19.73   0.000       3.0682    3.744947
         Tp0 |    2.52173   .1657156    15.22   0.000     2.196933    2.846527
         Tp1 |   3.707291    .238372    15.55   0.000     3.240091    4.174492
         Tp2 |   5.701358   .3192602    17.86   0.000     5.075619    6.327096
         Tp3 |    6.65694   .3913451    17.01   0.000     5.889918    7.423962
         Tp4 |   7.605677   .4198356    18.12   0.000     6.782815     8.42854
         Tp5 |   8.511171   .4589887    18.54   0.000      7.61157    9.410772
------------------------------------------------------------------------------

. estimates restore honest_base_event
(results honest_base_event are active now)

. 
. * Average event-year 0 through +5 effects with equal weights.
. matrix average_post = (1/6 \ 1/6 \ 1/6 \ 1/6 \ 1/6 \ 1/6)

. 
. honestdid, ///
>     pre(3/6) post(7/12) l_vec(average_post) ///
>     mvec(0(0.25)3) delta(rm) alpha(0.05) coefplot ///
>     title("HonestDiD Sensitivity of the Post-Craigslist Effect", size(medsmall)) ///
>     subtitle("Average CSDID effect from event year 0 through +5", size(small)) ///
>     xtitle("Allowed violation relative to the largest pre-treatment violation") ///
>     ytitle("Robust 95% confidence interval for the SFR effect") ///
>     yline(0, lcolor(gs8) lwidth(thin)) ///
>     graphregion(color(white)) plotregion(color(white)) ///
>     bgcolor(white) legend(off)
Warning: M = 0 with Delta^RM imposes exact parallel trends in the
post-treatment period, even if pre-treatment parallel trends is violated

|    M    |   lb   |   ub   |
| ------- | ------ | ------ |
|       . |  5.199 |  6.369 | (Original)
|  0.0000 |  5.205 |  6.363 | 
|  0.2500 |  2.282 |  9.340 | 
|  0.5000 | -0.819 | 12.483 | 
|  0.7500 | -3.992 | 15.679 | 
|  1.0000 | -7.164 | 18.875 | 
|  1.2500 | -10.366 | 22.101 | 
|  1.5000 | -13.579 | 25.291 | 
|  1.7500 | -16.805 | 28.534 | 
|  2.0000 | -20.031 | 31.718 | 
|  2.2500 | -23.268 | 34.967 | 
|  2.5000 | -26.482 | 38.193 | 
|  2.7500 | -29.713 | 41.359 | 
|  3.0000 | -32.945 | 44.596 | 
(method = C-LF, Delta = DeltaRM, alpha = 0.050)
(note:  named style i not found in class symbol, default attributes used)

. 
. graph export "$FIGURES/figureA1_honestdid.pdf", replace
file
    /Users/isaacstern/Desktop/CL_Project/Working_CL/Craigslist_Replication_Package/output/figu
    > res/figureA1_honestdid.pdf saved as PDF format

. graph export "$FIGURES/figureA1_honestdid.png", replace width(2200)
file
    /Users/isaacstern/Desktop/CL_Project/Working_CL/Craigslist_Replication_Package/output/figu
    > res/figureA1_honestdid.png saved as PNG format

. 
. ********************************************************************************
. * Appendix Figure A2. HonestDiD with density controls
. ********************************************************************************
. 
. csdid SFR density_1000_c density_1000_c_sq ///
>     if !missing(density_1000_c, density_1000_c_sq), ///
>     ivar(zip_id) time(year) gvar(cl_entry_year_csdid) ///
>     method(dripw) vce(cluster zip_id)
Panel is not balanced
Will use observations with Pair balanced (observed at t0 and t1)
xx..........xxxxxxxxxxxxxxxxxxxxxxx..........xxxxx
xxxxxxxxxxxxxx..........xxxxxxxxxxxxxxxxxxx.......
...xxxxxxxxxxxxxxxxxxxxxxxxxxxxxxxxxxxxxxxxxxxxxxx
x..........xxxxxxxxxxxxxxxxxxx..........xxxxxxxxxx
xxxxxxxxx..........xxxxxxxxxxxxxxxxxxxx..........x
xxxxxxxxxxxxxxxxxx..........xx
Difference-in-difference with Multiple Time Periods

                                                       Number of obs = 389,290
Outcome model  : least squares
Treatment model: inverse probability
------------------------------------------------------------------------------
             | Coefficient  Std. err.      z    P>|z|     [95% conf. interval]
-------------+----------------------------------------------------------------
g1995        |
 t_1988_1989 |          0  (omitted)
 t_1989_1990 |          0  (omitted)
 t_1990_1991 |  -2.224911   1.014386    -2.19   0.028    -4.213071   -.2367519
 t_1991_1992 |  -3.563434   1.189716    -3.00   0.003    -5.895235   -1.231633
 t_1992_1993 |   2.576527   1.076623     2.39   0.017     .4663841     4.68667
 t_1993_1994 |   -2.32313   1.936236    -1.20   0.230    -6.118082    1.471823
 t_1994_1995 |   1.839436   1.257083     1.46   0.143    -.6244016    4.303273
 t_1994_1996 |   5.328548   2.493693     2.14   0.033     .4410002     10.2161
 t_1994_1997 |   12.04925   3.885592     3.10   0.002     4.433624    19.66487
 t_1994_1998 |   12.11924   4.419746     2.74   0.006     3.456696    20.78178
 t_1994_1999 |   18.37825   6.083345     3.02   0.003     6.455111    30.30138
 t_1994_2000 |   33.45488   7.499611     4.46   0.000     18.75591    48.15385
 t_1994_2001 |          0  (omitted)
 t_1994_2002 |          0  (omitted)
 t_1994_2003 |          0  (omitted)
 t_1994_2004 |          0  (omitted)
 t_1994_2005 |          0  (omitted)
 t_1994_2006 |          0  (omitted)
 t_1994_2007 |          0  (omitted)
 t_1994_2008 |          0  (omitted)
 t_1994_2009 |          0  (omitted)
 t_1994_2010 |          0  (omitted)
 t_1994_2011 |          0  (omitted)
 t_1994_2012 |          0  (omitted)
 t_1994_2013 |          0  (omitted)
 t_1994_2014 |          0  (omitted)
 t_1994_2015 |          0  (omitted)
 t_1994_2016 |          0  (omitted)
-------------+----------------------------------------------------------------
g2000        |
 t_1988_1989 |          0  (omitted)
 t_1989_1990 |          0  (omitted)
 t_1990_1991 |          0  (omitted)
 t_1991_1992 |          0  (omitted)
 t_1992_1993 |          0  (omitted)
 t_1993_1994 |          0  (omitted)
 t_1994_1995 |          0  (omitted)
 t_1995_1996 |   29.22669   5.163676     5.66   0.000     19.10607    39.34731
 t_1996_1997 |   30.34103   6.041261     5.02   0.000     18.50037    42.18168
 t_1997_1998 |  -1.397237   4.406069    -0.32   0.751    -10.03297    7.238499
 t_1998_1999 |     17.537   5.316007     3.30   0.001     7.117816    27.95618
 t_1999_2000 |   12.02284   5.891764     2.04   0.041     .4751979    23.57049
 t_1999_2001 |   32.27968   6.523144     4.95   0.000     19.49456    45.06481
 t_1999_2002 |   80.58833   19.24777     4.19   0.000     42.86339    118.3133
 t_1999_2003 |   123.2179   30.68111     4.02   0.000     63.08398    183.3517
 t_1999_2004 |   177.3441   45.92508     3.86   0.000     87.33264    267.3556
 t_1999_2005 |   191.8401   53.82469     3.56   0.000     86.34566    297.3346
 t_1999_2006 |          0  (omitted)
 t_1999_2007 |          0  (omitted)
 t_1999_2008 |          0  (omitted)
 t_1999_2009 |          0  (omitted)
 t_1999_2010 |          0  (omitted)
 t_1999_2011 |          0  (omitted)
 t_1999_2012 |          0  (omitted)
 t_1999_2013 |          0  (omitted)
 t_1999_2014 |          0  (omitted)
 t_1999_2015 |          0  (omitted)
 t_1999_2016 |          0  (omitted)
-------------+----------------------------------------------------------------
g2001        |
 t_1988_1989 |          0  (omitted)
 t_1989_1990 |          0  (omitted)
 t_1990_1991 |          0  (omitted)
 t_1991_1992 |          0  (omitted)
 t_1992_1993 |          0  (omitted)
 t_1993_1994 |          0  (omitted)
 t_1994_1995 |          0  (omitted)
 t_1995_1996 |          0  (omitted)
 t_1996_1997 |   10.09006   1.791389     5.63   0.000        6.579    13.60112
 t_1997_1998 |   9.211183   1.868682     4.93   0.000     5.548633    12.87373
 t_1998_1999 |   14.42914   1.735314     8.32   0.000     11.02799    17.83029
 t_1999_2000 |   7.775906   1.960173     3.97   0.000     3.934037    11.61777
 t_2000_2001 |   2.178717   1.876239     1.16   0.246    -1.498645    5.856078
 t_2000_2002 |   20.36259   2.735189     7.44   0.000     15.00172    25.72346
 t_2000_2003 |   34.98054    3.95028     8.86   0.000     27.23814    42.72295
 t_2000_2004 |   50.16742   6.093167     8.23   0.000     38.22503    62.10981
 t_2000_2005 |   67.84281   7.418683     9.14   0.000     53.30246    82.38316
 t_2000_2006 |   86.30402   8.667592     9.96   0.000     69.31585    103.2922
 t_2000_2007 |          0  (omitted)
 t_2000_2008 |          0  (omitted)
 t_2000_2009 |          0  (omitted)
 t_2000_2010 |          0  (omitted)
 t_2000_2011 |          0  (omitted)
 t_2000_2012 |          0  (omitted)
 t_2000_2013 |          0  (omitted)
 t_2000_2014 |          0  (omitted)
 t_2000_2015 |          0  (omitted)
 t_2000_2016 |          0  (omitted)
-------------+----------------------------------------------------------------
g2002        |
 t_1988_1989 |          0  (omitted)
 t_1989_1990 |          0  (omitted)
 t_1990_1991 |          0  (omitted)
 t_1991_1992 |          0  (omitted)
 t_1992_1993 |          0  (omitted)
 t_1993_1994 |          0  (omitted)
 t_1994_1995 |          0  (omitted)
 t_1995_1996 |          0  (omitted)
 t_1996_1997 |          0  (omitted)
 t_1997_1998 |   3.604107   1.253334     2.88   0.004     1.147618    6.060596
 t_1998_1999 |   10.04444   1.588585     6.32   0.000     6.930874    13.15801
 t_1999_2000 |   14.30765   2.043611     7.00   0.000     10.30225    18.31305
 t_2000_2001 |   8.984734   1.483038     6.06   0.000     6.078033    11.89144
 t_2001_2002 |   24.76377   2.694805     9.19   0.000     19.48205    30.04549
 t_2001_2003 |   42.93659   3.775157    11.37   0.000     35.53742    50.33576
 t_2001_2004 |   79.25398   6.510432    12.17   0.000     66.49377    92.01419
 t_2001_2005 |    119.816   9.821882    12.20   0.000     100.5655    139.0666
 t_2001_2006 |   123.3842   9.620618    12.82   0.000     104.5281    142.2403
 t_2001_2007 |   116.9522   9.342583    12.52   0.000     98.64109    135.2633
 t_2001_2008 |          0  (omitted)
 t_2001_2009 |          0  (omitted)
 t_2001_2010 |          0  (omitted)
 t_2001_2011 |          0  (omitted)
 t_2001_2012 |          0  (omitted)
 t_2001_2013 |          0  (omitted)
 t_2001_2014 |          0  (omitted)
 t_2001_2015 |          0  (omitted)
 t_2001_2016 |          0  (omitted)
-------------+----------------------------------------------------------------
g2003        |
 t_1988_1989 |          0  (omitted)
 t_1989_1990 |          0  (omitted)
 t_1990_1991 |          0  (omitted)
 t_1991_1992 |          0  (omitted)
 t_1992_1993 |          0  (omitted)
 t_1993_1994 |          0  (omitted)
 t_1994_1995 |          0  (omitted)
 t_1995_1996 |          0  (omitted)
 t_1996_1997 |          0  (omitted)
 t_1997_1998 |          0  (omitted)
 t_1998_1999 |          0  (omitted)
 t_1999_2000 |          0  (omitted)
 t_2000_2001 |          0  (omitted)
 t_2001_2002 |          0  (omitted)
 t_2002_2003 |          0  (omitted)
 t_2002_2004 |          0  (omitted)
 t_2002_2005 |          0  (omitted)
 t_2002_2006 |          0  (omitted)
 t_2002_2007 |          0  (omitted)
 t_2002_2008 |          0  (omitted)
 t_2002_2009 |          0  (omitted)
 t_2002_2010 |          0  (omitted)
 t_2002_2011 |          0  (omitted)
 t_2002_2012 |          0  (omitted)
 t_2002_2013 |          0  (omitted)
 t_2002_2014 |          0  (omitted)
 t_2002_2015 |          0  (omitted)
 t_2002_2016 |          0  (omitted)
-------------+----------------------------------------------------------------
g2004        |
 t_1988_1989 |          0  (omitted)
 t_1989_1990 |          0  (omitted)
 t_1990_1991 |          0  (omitted)
 t_1991_1992 |          0  (omitted)
 t_1992_1993 |          0  (omitted)
 t_1993_1994 |          0  (omitted)
 t_1994_1995 |          0  (omitted)
 t_1995_1996 |          0  (omitted)
 t_1996_1997 |          0  (omitted)
 t_1997_1998 |          0  (omitted)
 t_1998_1999 |          0  (omitted)
 t_1999_2000 |   3.372677   .6055166     5.57   0.000     2.185886    4.559468
 t_2000_2001 |   1.008108   .6420519     1.57   0.116    -.2502904    2.266507
 t_2001_2002 |   2.745034   .7067857     3.88   0.000     1.359759    4.130309
 t_2002_2003 |   5.416443   .8004829     6.77   0.000     3.847525    6.985361
 t_2003_2004 |   5.008223   .8291389     6.04   0.000      3.38314    6.633305
 t_2003_2005 |    10.4127   1.287052     8.09   0.000     7.890124    12.93527
 t_2003_2006 |   12.03543   1.444756     8.33   0.000     9.203765     14.8671
 t_2003_2007 |   11.80887   1.521224     7.76   0.000     8.827328    14.79042
 t_2003_2008 |   6.953657   1.264656     5.50   0.000     4.474977    9.432337
 t_2003_2009 |   2.312697   1.374661     1.68   0.092     -.381588    5.006983
 t_2003_2010 |          0  (omitted)
 t_2003_2011 |          0  (omitted)
 t_2003_2012 |          0  (omitted)
 t_2003_2013 |          0  (omitted)
 t_2003_2014 |          0  (omitted)
 t_2003_2015 |          0  (omitted)
 t_2003_2016 |          0  (omitted)
-------------+----------------------------------------------------------------
g2005        |
 t_1988_1989 |          0  (omitted)
 t_1989_1990 |          0  (omitted)
 t_1990_1991 |          0  (omitted)
 t_1991_1992 |          0  (omitted)
 t_1992_1993 |          0  (omitted)
 t_1993_1994 |          0  (omitted)
 t_1994_1995 |          0  (omitted)
 t_1995_1996 |          0  (omitted)
 t_1996_1997 |          0  (omitted)
 t_1997_1998 |          0  (omitted)
 t_1998_1999 |          0  (omitted)
 t_1999_2000 |          0  (omitted)
 t_2000_2001 |   .0332876   .2966976     0.11   0.911     -.548229    .6148042
 t_2001_2002 |   1.239687   .3853455     3.22   0.001     .4844235     1.99495
 t_2002_2003 |   1.785751   .4380011     4.08   0.000     .9272848    2.644218
 t_2003_2004 |   2.573931   .4641114     5.55   0.000     1.664289    3.483572
 t_2004_2005 |   .7501703    .373622     2.01   0.045     .0178846    1.482456
 t_2004_2006 |  -.3520756   .4754146    -0.74   0.459    -1.283871      .57972
 t_2004_2007 |  -.5310052   .5853623    -0.91   0.364    -1.678294     .616284
 t_2004_2008 |  -1.215991   .5901056    -2.06   0.039    -2.372577   -.0594054
 t_2004_2009 |  -2.225311   .6082998    -3.66   0.000    -3.417557   -1.033065
 t_2004_2010 |  -2.202827   .7320493    -3.01   0.003    -3.637618   -.7680372
 t_2004_2011 |          0  (omitted)
 t_2004_2012 |          0  (omitted)
 t_2004_2013 |          0  (omitted)
 t_2004_2014 |          0  (omitted)
 t_2004_2015 |          0  (omitted)
 t_2004_2016 |          0  (omitted)
-------------+----------------------------------------------------------------
g2006        |
 t_1988_1989 |          0  (omitted)
 t_1989_1990 |          0  (omitted)
 t_1990_1991 |          0  (omitted)
 t_1991_1992 |          0  (omitted)
 t_1992_1993 |          0  (omitted)
 t_1993_1994 |          0  (omitted)
 t_1994_1995 |          0  (omitted)
 t_1995_1996 |          0  (omitted)
 t_1996_1997 |          0  (omitted)
 t_1997_1998 |          0  (omitted)
 t_1998_1999 |          0  (omitted)
 t_1999_2000 |          0  (omitted)
 t_2000_2001 |          0  (omitted)
 t_2001_2002 |   1.076305   .3167817     3.40   0.001     .4554242    1.697186
 t_2002_2003 |   2.477873   .3690995     6.71   0.000     1.754451    3.201295
 t_2003_2004 |   1.919878   .3868428     4.96   0.000      1.16168    2.678076
 t_2004_2005 |   1.300119   .3331404     3.90   0.000     .6471755    1.953062
 t_2005_2006 |  -1.089433   .3391425    -3.21   0.001     -1.75414   -.4247257
 t_2005_2007 |  -2.071719   .4266367    -4.86   0.000    -2.907912   -1.235527
 t_2005_2008 |  -3.845982   .4900551    -7.85   0.000    -4.806473   -2.885492
 t_2005_2009 |   -5.47056   .5548018    -9.86   0.000    -6.557951   -4.383168
 t_2005_2010 |   -5.39797   .6168226    -8.75   0.000    -6.606921    -4.18902
 t_2005_2011 |  -5.167146   .7334341    -7.05   0.000     -6.60465   -3.729641
 t_2005_2012 |          0  (omitted)
 t_2005_2013 |          0  (omitted)
 t_2005_2014 |          0  (omitted)
 t_2005_2015 |          0  (omitted)
 t_2005_2016 |          0  (omitted)
-------------+----------------------------------------------------------------
g2008        |
 t_1988_1989 |          0  (omitted)
 t_1989_1990 |          0  (omitted)
 t_1990_1991 |          0  (omitted)
 t_1991_1992 |          0  (omitted)
 t_1992_1993 |          0  (omitted)
 t_1993_1994 |          0  (omitted)
 t_1994_1995 |          0  (omitted)
 t_1995_1996 |          0  (omitted)
 t_1996_1997 |          0  (omitted)
 t_1997_1998 |          0  (omitted)
 t_1998_1999 |          0  (omitted)
 t_1999_2000 |          0  (omitted)
 t_2000_2001 |          0  (omitted)
 t_2001_2002 |          0  (omitted)
 t_2002_2003 |          0  (omitted)
 t_2003_2004 |   .6254282   .6471619     0.97   0.334    -.6429858    1.893842
 t_2004_2005 |   .3367739   .4953722     0.68   0.497    -.6341378    1.307686
 t_2005_2006 |  -.9183539   .5333515    -1.72   0.085    -1.963704    .1269959
 t_2006_2007 |  -.4848157    .482926    -1.00   0.315    -1.431333    .4617018
 t_2007_2008 |  -.7366312   .5596696    -1.32   0.188    -1.833563     .360301
 t_2007_2009 |    -2.2392   .6719222    -3.33   0.001    -3.556144   -.9222571
 t_2007_2010 |   -1.83985   .9300376    -1.98   0.048     -3.66269   -.0170099
 t_2007_2011 |  -.1105939   1.035579    -0.11   0.915    -2.140291    1.919103
 t_2007_2012 |  -.6777445   1.171529    -0.58   0.563    -2.973898    1.618409
 t_2007_2013 |   1.642648   1.577203     1.04   0.298    -1.448613    4.733908
 t_2007_2014 |          0  (omitted)
 t_2007_2015 |          0  (omitted)
 t_2007_2016 |          0  (omitted)
-------------+----------------------------------------------------------------
g2009        |
 t_1988_1989 |          0  (omitted)
 t_1989_1990 |          0  (omitted)
 t_1990_1991 |          0  (omitted)
 t_1991_1992 |          0  (omitted)
 t_1992_1993 |          0  (omitted)
 t_1993_1994 |          0  (omitted)
 t_1994_1995 |          0  (omitted)
 t_1995_1996 |          0  (omitted)
 t_1996_1997 |          0  (omitted)
 t_1997_1998 |          0  (omitted)
 t_1998_1999 |          0  (omitted)
 t_1999_2000 |          0  (omitted)
 t_2000_2001 |          0  (omitted)
 t_2001_2002 |          0  (omitted)
 t_2002_2003 |          0  (omitted)
 t_2003_2004 |          0  (omitted)
 t_2004_2005 |   .1988344   .3379403     0.59   0.556    -.4635164    .8611853
 t_2005_2006 |  -.3100468   .3809931    -0.81   0.416     -1.05678    .4366859
 t_2006_2007 |   .2416412   .5547995     0.44   0.663    -.8457459    1.329028
 t_2007_2008 |  -.5037633   .6308802    -0.80   0.425    -1.740266    .7327391
 t_2008_2009 |  -.4096099   .2711118    -1.51   0.131    -.9409793    .1217594
 t_2008_2010 |    .115469   .2833514     0.41   0.684    -.4398895    .6708275
 t_2008_2011 |  -.0292656   .3141982    -0.09   0.926    -.6450827    .5865515
 t_2008_2012 |  -.8798481   .3366311    -2.61   0.009    -1.539633   -.2200633
 t_2008_2013 |  -1.015548   .3754128    -2.71   0.007    -1.751343   -.2797522
 t_2008_2014 |  -.8793089   .4580451    -1.92   0.055    -1.777061     .018443
 t_2008_2015 |          0  (omitted)
 t_2008_2016 |          0  (omitted)
------------------------------------------------------------------------------
Control: Never Treated

See Callaway and Sant'Anna (2021) for details

. 
. csdid_estat event, window(-5 5) estore(honest_density_event)
ATT by Periods Before and After treatment
Event Study:Dynamic effects
------------------------------------------------------------------------------
             | Coefficient  Std. err.      z    P>|z|     [95% conf. interval]
-------------+----------------------------------------------------------------
     Pre_avg |   3.199811   .3924624     8.15   0.000     2.430599    3.969023
    Post_avg |   10.73147   2.211243     4.85   0.000      6.39751    15.06542
         Tm4 |   3.515193   .4700434     7.48   0.000     2.593925    4.436462
         Tm3 |   4.119327    .538927     7.64   0.000      3.06305    5.175605
         Tm2 |   1.869569   .4272198     4.38   0.000     1.032233    2.706904
         Tm1 |   3.295155   .4970406     6.63   0.000     2.320973    4.269337
         Tp0 |   1.933632   .5179881     3.73   0.000     .9183944     2.94887
         Tp1 |    4.37044   .6019138     7.26   0.000     3.190711     5.55017
         Tp2 |   9.075332   1.625895     5.58   0.000     5.888637    12.26203
         Tp3 |   13.12192   2.578634     5.09   0.000      8.06789    18.17595
         Tp4 |   17.28626   3.840241     4.50   0.000      9.75953      24.813
         Tp5 |   18.60121   4.502126     4.13   0.000     9.777209    27.42522
------------------------------------------------------------------------------

. estimates restore honest_density_event
(results honest_density_event are active now)

. 
. honestdid, ///
>     pre(3/6) post(7/12) l_vec(average_post) ///
>     mvec(0(0.05)1) delta(rm) alpha(0.05) coefplot ///
>     title("HonestDiD Sensitivity with Density Controls", size(medsmall)) ///
>     subtitle("Average CSDID effect from event year 0 through +5", size(small)) ///
>     xtitle("Allowed violation relative to the largest pre-treatment violation") ///
>     ytitle("Robust 95% confidence interval for the SFR effect") ///
>     yline(0, lcolor(gs8) lwidth(thin)) ///
>     graphregion(color(white)) plotregion(color(white)) ///
>     bgcolor(white) legend(off)
Warning: M = 0 with Delta^RM imposes exact parallel trends in the
post-treatment period, even if pre-treatment parallel trends is violated

|    M    |   lb   |   ub   |
| ------- | ------ | ------ |
|       . |  6.398 | 15.065 | (Original)
|  0.0000 |  6.437 | 15.026 | 
|  0.0500 |  6.112 | 15.620 | 
|  0.1000 |  5.689 | 16.137 | 
|  0.1500 |  5.349 | 16.758 | 
|  0.2000 |  4.909 | 17.392 | 
|  0.2500 |  4.554 | 18.041 | 
|  0.3000 |  4.097 | 18.607 | 
|  0.3500 |  3.630 | 19.282 | 
|  0.4000 |  3.252 | 19.971 | 
|  0.4500 |  2.768 | 20.674 | 
|  0.5000 |  2.375 | 21.390 | 
|  0.5500 |  1.873 | 22.019 | 
|  0.6000 |  1.363 | 22.762 | 
|  0.6500 |  0.946 | 23.416 | 
|  0.7000 |  0.418 | 24.186 | 
|  0.7500 | -0.119 | 24.863 | 
|  0.8000 | -0.665 | 25.552 | 
|  0.8500 | -1.112 | 26.253 | 
|  0.9000 | -1.676 | 26.965 | 
|  0.9500 | -2.249 | 27.689 | 
|  1.0000 | -2.831 | 28.313 | 
(method = C-LF, Delta = DeltaRM, alpha = 0.050)

. 
. graph export "$FIGURES/figureA2_honestdid_density.pdf", replace
file
    /Users/isaacstern/Desktop/CL_Project/Working_CL/Craigslist_Replication_Package/output/figu
    > res/figureA2_honestdid_density.pdf saved as PDF format

. graph export "$FIGURES/figureA2_honestdid_density.png", replace width(2200)
file
    /Users/isaacstern/Desktop/CL_Project/Working_CL/Craigslist_Replication_Package/output/figu
    > res/figureA2_honestdid_density.png saved as PNG format

. 
. log close honestresults
      name:  honestresults
       log:  /Users/isaacstern/Desktop/CL_Project/Working_CL/Craigslist_Replication_Package/outp
> ut/logs/04_honestdid.log
  log type:  text
 closed on:   1 Aug 2026, 13:39:12
------------------------------------------------------------------------------------------------
